[36mvite v7.3.1 [32mbuilding client environment for production...[36m[39m
transforming...
[32mΓ£ô[39m 1909 modules transformed.
node.exe : [31mΓ£ù[39m 
Build failed in 3.93s
At line:1 char:1
+ & "C:\Program 
Files\nodejs/node.exe" 
"C:\Program 
Files\nodejs/node_mo ...
+ ~~~~~~~~~~~~~~~~~~~~~~~~~~~
~~~~~~~~~~~~~~~~~~~~~~~~~~~~~
~~~~~~~~~~~~~
    + CategoryInfo           
   : NotSpecified: ([31mΓ£  
  ù[39m Build failed in 3   
 .93s:String) [], RemoteE    
xception
    + FullyQualifiedErrorId  
   : NativeCommandError
 
[31merror during build:
[31m[commonjs--resolver] 
Failed to resolve entry for 
package "circular-natal-horos
cope-js". The package may 
have incorrect 
main/module/exports 
specified in its 
package.json.[31m
    at packageEntryFailure (f
ile:///D:/astro%20app/node_mo
dules/vite/dist/node/chunks/c
onfig.js:32816:32)
    at resolvePackageEntry (f
ile:///D:/astro%20app/node_mo
dules/vite/dist/node/chunks/c
onfig.js:32813:2)
    at tryNodeResolve (file:/
//D:/astro%20app/node_modules
/vite/dist/node/chunks/config
.js:32716:70)
    at Object.handler (file:/
//D:/astro%20app/node_modules
/vite/dist/node/chunks/config
.js:32555:16)
    at Object.handler (file:/
//D:/astro%20app/node_modules
/vite/dist/node/chunks/config
.js:33706:13)
    at file:///D:/astro%20app
/node_modules/rollup/dist/es/
shared/node-entry.js:22571:40
    at async PluginDriver.hoo
kFirstAndGetPlugin (file:///D
:/astro%20app/node_modules/ro
llup/dist/es/shared/node-entr
y.js:22453:28)
    at async resolveId (file:
///D:/astro%20app/node_module
s/rollup/dist/es/shared/node-
entry.js:20929:26)
    at async 
ModuleLoader.resolveId (file:
///D:/astro%20app/node_module
s/rollup/dist/es/shared/node-
entry.js:21366:15)
    at async 
Object.resolveId (file:///D:/
astro%20app/node_modules/vite
/dist/node/chunks/config.js:4
154:21)[39m
